15:33:44 **** Incremental Build of configuration Debug for project LAB3 ****
make -j8 all 
arm-none-eabi-size   LAB3.elf 
   text	   data	    bss	    dec	    hex	filename
  11340	     60	   1764	  13164	   336c	LAB3.elf
Finished building: default.size.stdout
 
15:39:47 **** Incremental Build of configuration Debug for project LAB3 ****
make -j8 all 
arm-none-eabi-gcc "../Core/Src/mode_control.c" -mcpu=cortex-m3 -std=gnu11 -g3 -DDEBUG -DUSE_HAL_DRIVER -DSTM32F103x6 -c -I../Core/Inc -I../Drivers/STM32F1xx_HAL_Driver/Inc/Legacy -I../Drivers/STM32F1xx_HAL_Driver/Inc -I../Drivers/CMSIS/Device/ST/STM32F1xx/Include -I../Drivers/CMSIS/Include -O0 -ffunction-sections -fdata-sections -Wall -fstack-usage -MMD -MP -MF"Core/Src/mode_control.d" -MT"Core/Src/mode_control.o" --specs=nano.specs -mfloat-abi=soft -mthumb -o "Core/Src/mode_control.o"
arm-none-eabi-gcc -o "LAB3.elf" @"objects.list"   -mcpu=cortex-m3 -T"D:\Microcontroller\LAB\LAB3\STM\LAB3\STM32F103C6UX_FLASH.ld" --specs=nosys.specs -Wl,-Map="LAB3.map" -Wl,--gc-sections -static --specs=nano.specs -mfloat-abi=soft -mthumb -Wl,--start-group -lc -lm -Wl,--end-group
Finished building target: LAB3.elf
 
arm-none-eabi-size   LAB3.elf 
arm-none-eabi-objdump -h -S  LAB3.elf  > "LAB3.list"
arm-none-eabi-objcopy  -O ihex  LAB3.elf  "LAB3.hex"
   text	   data	    bss	    dec	    hex	filename
  11376	     60	   1764	  13200	   3390	LAB3.elf
Finished building: default.size.stdout
 
Finished building: LAB3.hex
 
Finished building: LAB3.list
 
15:46:56 **** Incremental Build of configuration Debug for project LAB3 ****
make -j8 all 
arm-none-eabi-gcc "../Core/Src/mode_control.c" -mcpu=cortex-m3 -std=gnu11 -g3 -DDEBUG -DUSE_HAL_DRIVER -DSTM32F103x6 -c -I../Core/Inc -I../Drivers/STM32F1xx_HAL_Driver/Inc/Legacy -I../Drivers/STM32F1xx_HAL_Driver/Inc -I../Drivers/CMSIS/Device/ST/STM32F1xx/Include -I../Drivers/CMSIS/Include -O0 -ffunction-sections -fdata-sections -Wall -fstack-usage -MMD -MP -MF"Core/Src/mode_control.d" -MT"Core/Src/mode_control.o" --specs=nano.specs -mfloat-abi=soft -mthumb -o "Core/Src/mode_control.o"
arm-none-eabi-gcc -o "LAB3.elf" @"objects.list"   -mcpu=cortex-m3 -T"D:\Microcontroller\LAB\LAB3\STM\LAB3\STM32F103C6UX_FLASH.ld" --specs=nosys.specs -Wl,-Map="LAB3.map" -Wl,--gc-sections -static --specs=nano.specs -mfloat-abi=soft -mthumb -Wl,--start-group -lc -lm -Wl,--end-group
Finished building target: LAB3.elf
 
arm-none-eabi-size   LAB3.elf 
arm-none-eabi-objdump -h -S  LAB3.elf  > "LAB3.list"
arm-none-eabi-objcopy  -O ihex  LAB3.elf  "LAB3.hex"
   text	   data	    bss	    dec	    hex	filename
  11420	     60	   1764	  13244	   33bc	LAB3.elf
Finished building: default.size.stdout
 
Finished building: LAB3.hex
 
Finished building: LAB3.list
 
15:58:54 **** Incremental Build of configuration Debug for project LAB3 ****
make -j8 all 
arm-none-eabi-gcc "../Core/Src/mode_control.c" -mcpu=cortex-m3 -std=gnu11 -g3 -DDEBUG -DUSE_HAL_DRIVER -DSTM32F103x6 -c -I../Core/Inc -I../Drivers/STM32F1xx_HAL_Driver/Inc/Legacy -I../Drivers/STM32F1xx_HAL_Driver/Inc -I../Drivers/CMSIS/Device/ST/STM32F1xx/Include -I../Drivers/CMSIS/Include -O0 -ffunction-sections -fdata-sections -Wall -fstack-usage -MMD -MP -MF"Core/Src/mode_control.d" -MT"Core/Src/mode_control.o" --specs=nano.specs -mfloat-abi=soft -mthumb -o "Core/Src/mode_control.o"
arm-none-eabi-gcc -o "LAB3.elf" @"objects.list"   -mcpu=cortex-m3 -T"D:\Microcontroller\LAB\LAB3\STM\LAB3\STM32F103C6UX_FLASH.ld" --specs=nosys.specs -Wl,-Map="LAB3.map" -Wl,--gc-sections -static --specs=nano.specs -mfloat-abi=soft -mthumb -Wl,--start-group -lc -lm -Wl,--end-group
Finished building target: LAB3.elf
 
arm-none-eabi-size   LAB3.elf 
arm-none-eabi-objdump -h -S  LAB3.elf  > "LAB3.list"
arm-none-eabi-objcopy  -O ihex  LAB3.elf  "LAB3.hex"
   text	   data	    bss	    dec	    hex	filename
  11480	     60	   1764	  13304	   33f8	LAB3.elf
Finished building: default.size.stdout
 
Finished building: LAB3.hex
 
Finished building: LAB3.list
 
16:00:54 **** Incremental Build of configuration Debug for project LAB3 ****
make -j8 all 
arm-none-eabi-gcc "../Core/Src/mode_control.c" -mcpu=cortex-m3 -std=gnu11 -g3 -DDEBUG -DUSE_HAL_DRIVER -DSTM32F103x6 -c -I../Core/Inc -I../Drivers/STM32F1xx_HAL_Driver/Inc/Legacy -I../Drivers/STM32F1xx_HAL_Driver/Inc -I../Drivers/CMSIS/Device/ST/STM32F1xx/Include -I../Drivers/CMSIS/Include -O0 -ffunction-sections -fdata-sections -Wall -fstack-usage -MMD -MP -MF"Core/Src/mode_control.d" -MT"Core/Src/mode_control.o" --specs=nano.specs -mfloat-abi=soft -mthumb -o "Core/Src/mode_control.o"
arm-none-eabi-gcc -o "LAB3.elf" @"objects.list"   -mcpu=cortex-m3 -T"D:\Microcontroller\LAB\LAB3\STM\LAB3\STM32F103C6UX_FLASH.ld" --specs=nosys.specs -Wl,-Map="LAB3.map" -Wl,--gc-sections -static --specs=nano.specs -mfloat-abi=soft -mthumb -Wl,--start-group -lc -lm -Wl,--end-group
Finished building target: LAB3.elf
 
arm-none-eabi-size   LAB3.elf 
arm-none-eabi-objdump -h -S  LAB3.elf  > "LAB3.list"
arm-none-eabi-objcopy  -O ihex  LAB3.elf  "LAB3.hex"
   text	   data	    bss	    dec	    hex	filename
  11436	     60	   1764	  13260	   33cc	LAB3.elf
Finished building: default.size.stdout
 
Finished building: LAB3.hex
Finished building: LAB3.list
 
 
